  取 rt-1-1 …
    rt-1-1        0.42 MB  ? 页
  取 rt-1-3 …
    rt-1-3        0.73 MB  ? 页
  取 rt-3-3 …
    rt-3-3        0.42 MB  15 页
  取 rt-74 …
    rt-74         0.53 MB  12 页
  取 apa-rt …
    apa-rt        0.82 MB  ? 页
  取 n4738r2 …
    n4738r2       0.22 MB  ? 页
  取 n4725r …
    n4725r       47.72 MB  ? 页
  取 n3820 …
    n3820         0.59 MB  ? 页
  取 n3918 …
    n3918         0.68 MB  ? 页
  取 l2-23-199 …
    l2-23-199     0.75 MB  ? 页
  取 wu-pindu …
    wu-pindu      0.36 MB  ? 页
  取 wu-xing …
    wu-xing       0.40 MB  25 页
  取 qing-shidu …
    qing-shidu    0.23 MB  ? 页
  取 wu-rusheng …
    wu-rusheng    0.27 MB  ? 页
  取 wu-gaikuang …
    wu-gaikuang   0.68 MB  ? 页
  取 kang-xinshiji …
    !! kang-xinshiji curl: (33) HTTP server doesn't seem to support byte ranges. Cannot resume.

镜像 15／16 篇，合计 54.8 MB；失败 1；仅索引 11 条
→ docs/khitan/index.json
