=== attempt 1 · 20:26:17 ===
[1/3] bibliography …
      214 references
[2/3] 410 character pages · 1 workers …
      40/410 · words so far 520
      80/410 · words so far 907
  !! U+E05D: http://www.ccamc.org/khitan.php?kss=%EE%81%9D: truncated response (36 bytes) — throttled
      120/410 · words so far 1235
  !! U+E07D: http://www.ccamc.org/khitan.php?kss=%EE%81%BD: truncated response (36 bytes) — throttled
  !! U+E07E: http://www.ccamc.org/khitan.php?kss=%EE%81%BE: truncated response (36 bytes) — throttled
  !! U+E0C7: http://www.ccamc.org/khitan.php?kss=%EE%83%87: origin refusing, no archived snapshot
  !! U+E12B: skipped — host refusing
  !! U+E18F: skipped — host refusing
[3/3] cross-linking …

  !! 连续 60 页两个来源都取不到，本轮提前中止
  !! 285 页未取到，不写出 khitan.js（避免半份数据）
  已缓存 125/410 页；服务器放行后重跑本脚本即可断点续抓。
--- 被限流，休息 6 分钟后续抓 ---
=== attempt 2 · 20:48:58 ===
[1/3] bibliography …
      214 references
[2/3] 410 character pages · 1 workers …
      40/410 · words so far 520
      80/410 · words so far 907
  !! U+E05D: http://www.ccamc.org/khitan.php?kss=%EE%81%9D: truncated response (36 bytes) — throttled
      120/410 · words so far 1235
  !! U+E07D: http://www.ccamc.org/khitan.php?kss=%EE%81%BD: truncated response (36 bytes) — throttled
  !! U+E07E: http://www.ccamc.org/khitan.php?kss=%EE%81%BE: truncated response (36 bytes) — throttled
  !! U+E0C7: http://www.ccamc.org/khitan.php?kss=%EE%83%87: origin refusing, no archived snapshot
  !! U+E12B: skipped — host refusing
  !! U+E18F: skipped — host refusing
[3/3] cross-linking …

  !! 连续 60 页两个来源都取不到，本轮提前中止
  !! 285 页未取到，不写出 khitan.js（避免半份数据）
  已缓存 125/410 页；服务器放行后重跑本脚本即可断点续抓。
--- 被限流，休息 6 分钟后续抓 ---
=== attempt 3 · 21:11:03 ===
[1/3] bibliography …
      214 references
[2/3] 410 character pages · 1 workers …
      40/410 · words so far 520
      80/410 · words so far 907
  !! U+E05D: http://www.ccamc.org/khitan.php?kss=%EE%81%9D: truncated response (36 bytes) — throttled
      120/410 · words so far 1235
  !! U+E07D: http://www.ccamc.org/khitan.php?kss=%EE%81%BD: truncated response (36 bytes) — throttled
  !! U+E07E: http://www.ccamc.org/khitan.php?kss=%EE%81%BE: truncated response (36 bytes) — throttled
  !! U+E0C7: http://www.ccamc.org/khitan.php?kss=%EE%83%87: origin refusing, no archived snapshot
  !! U+E12B: skipped — host refusing
  !! U+E18F: skipped — host refusing
[3/3] cross-linking …

  !! 连续 60 页两个来源都取不到，本轮提前中止
  !! 285 页未取到，不写出 khitan.js（避免半份数据）
  已缓存 125/410 页；服务器放行后重跑本脚本即可断点续抓。
--- 被限流，休息 6 分钟后续抓 ---
=== attempt 4 · 21:30:59 ===
[1/3] bibliography …
      214 references
[2/3] 410 character pages · 1 workers …
      40/410 · words so far 520
      80/410 · words so far 907
  !! U+E05D: http://www.ccamc.org/khitan.php?kss=%EE%81%9D: truncated response (36 bytes) — throttled
      120/410 · words so far 1235
  !! U+E07D: http://www.ccamc.org/khitan.php?kss=%EE%81%BD: truncated response (36 bytes) — throttled
  !! U+E07E: http://www.ccamc.org/khitan.php?kss=%EE%81%BE: truncated response (36 bytes) — throttled
  !! U+E0C7: http://www.ccamc.org/khitan.php?kss=%EE%83%87: origin refusing, no archived snapshot
  !! U+E12B: skipped — host refusing
  !! U+E18F: skipped — host refusing
[3/3] cross-linking …

  !! 连续 60 页两个来源都取不到，本轮提前中止
  !! 285 页未取到，不写出 khitan.js（避免半份数据）
  已缓存 125/410 页；服务器放行后重跑本脚本即可断点续抓。
--- 被限流，休息 6 分钟后续抓 ---
=== attempt 5 · 21:51:24 ===
[1/3] bibliography …
      214 references
[2/3] 410 character pages · 1 workers …
      40/410 · words so far 520
      80/410 · words so far 907
  !! U+E05D: http://www.ccamc.org/khitan.php?kss=%EE%81%9D: truncated response (36 bytes) — throttled
      120/410 · words so far 1235
  !! U+E07D: http://www.ccamc.org/khitan.php?kss=%EE%81%BD: truncated response (36 bytes) — throttled
  !! U+E07E: http://www.ccamc.org/khitan.php?kss=%EE%81%BE: truncated response (36 bytes) — throttled
  !! U+E0C7: http://www.ccamc.org/khitan.php?kss=%EE%83%87: origin refusing, no archived snapshot
      源站恢复，切回实时抓取
      240/410 · words so far 1526
  !! U+E12B: http://www.ccamc.org/khitan.php?kss=%EE%84%AB: origin refusing, no archived snapshot
  !! U+E18F: skipped — host refusing
[3/3] cross-linking …

  !! 连续 60 页两个来源都取不到，本轮提前中止
  !! 260 页未取到，不写出 khitan.js（避免半份数据）
  已缓存 150/410 页；服务器放行后重跑本脚本即可断点续抓。
--- 被限流，休息 6 分钟后续抓 ---
=== attempt 6 · 22:16:23 ===
[1/3] bibliography …
      214 references
[2/3] 410 character pages · 1 workers …
      40/410 · words so far 520
      80/410 · words so far 907
  !! U+E05D: http://www.ccamc.org/khitan.php?kss=%EE%81%9D: truncated response (36 bytes) — throttled
      120/410 · words so far 1235
  !! U+E07D: http://www.ccamc.org/khitan.php?kss=%EE%81%BD: truncated response (36 bytes) — throttled
  !! U+E07E: http://www.ccamc.org/khitan.php?kss=%EE%81%BE: truncated response (36 bytes) — throttled
  !! U+E0C7: http://www.ccamc.org/khitan.php?kss=%EE%83%87: origin refusing, no archived snapshot
      240/410 · words so far 1526
  !! U+E12B: http://www.ccamc.org/khitan.php?kss=%EE%84%AB: origin refusing, no archived snapshot
  !! U+E18F: skipped — host refusing
[3/3] cross-linking …

  !! 连续 60 页两个来源都取不到，本轮提前中止
  !! 260 页未取到，不写出 khitan.js（避免半份数据）
  已缓存 150/410 页；服务器放行后重跑本脚本即可断点续抓。
--- 被限流，休息 6 分钟后续抓 ---
=== attempt 7 · 22:38:28 ===
[1/3] bibliography …
      214 references
[2/3] 410 character pages · 1 workers …
      40/410 · words so far 520
      80/410 · words so far 907
  !! U+E05D: http://www.ccamc.org/khitan.php?kss=%EE%81%9D: truncated response (36 bytes) — throttled
      120/410 · words so far 1235
  !! U+E07D: http://www.ccamc.org/khitan.php?kss=%EE%81%BD: truncated response (36 bytes) — throttled
  !! U+E07E: http://www.ccamc.org/khitan.php?kss=%EE%81%BE: truncated response (36 bytes) — throttled
  !! U+E0C7: http://www.ccamc.org/khitan.php?kss=%EE%83%87: origin refusing, no archived snapshot
      240/410 · words so far 1526
  !! U+E12B: http://www.ccamc.org/khitan.php?kss=%EE%84%AB: origin refusing, no archived snapshot
  !! U+E18F: skipped — host refusing
[3/3] cross-linking …

  !! 连续 60 页两个来源都取不到，本轮提前中止
  !! 260 页未取到，不写出 khitan.js（避免半份数据）
  已缓存 150/410 页；服务器放行后重跑本脚本即可断点续抓。
--- 被限流，休息 6 分钟后续抓 ---
=== attempt 8 · 23:04:48 ===
[1/3] bibliography …
      214 references
[2/3] 410 character pages · 1 workers …
      40/410 · words so far 520
      80/410 · words so far 907
  !! U+E05D: http://www.ccamc.org/khitan.php?kss=%EE%81%9D: truncated response (36 bytes) — throttled
      120/410 · words so far 1235
  !! U+E07D: http://www.ccamc.org/khitan.php?kss=%EE%81%BD: truncated response (36 bytes) — throttled
  !! U+E07E: http://www.ccamc.org/khitan.php?kss=%EE%81%BE: truncated response (36 bytes) — throttled
      源站恢复，切回实时抓取
      160/410 · words so far 1474
  !! U+E0C7: http://www.ccamc.org/khitan.php?kss=%EE%83%87: origin refusing, no archived snapshot
      240/410 · words so far 1771
  !! U+E12B: http://www.ccamc.org/khitan.php?kss=%EE%84%AB: origin refusing, no archived snapshot
  !! U+E18F: skipped — host refusing
[3/3] cross-linking …

  !! 连续 60 页两个来源都取不到，本轮提前中止
  !! 229 页未取到，不写出 khitan.js（避免半份数据）
  已缓存 181/410 页；服务器放行后重跑本脚本即可断点续抓。
--- 被限流，休息 6 分钟后续抓 ---
=== attempt 9 · 23:34:28 ===
[1/3] bibliography …
      214 references
[2/3] 410 character pages · 1 workers …
      40/410 · words so far 520
      80/410 · words so far 907
  !! U+E05D: http://www.ccamc.org/khitan.php?kss=%EE%81%9D: truncated response (36 bytes) — throttled
      120/410 · words so far 1235
  !! U+E07D: http://www.ccamc.org/khitan.php?kss=%EE%81%BD: truncated response (36 bytes) — throttled
  !! U+E07E: http://www.ccamc.org/khitan.php?kss=%EE%81%BE: truncated response (36 bytes) — throttled
      160/410 · words so far 1474
  !! U+E0C7: http://www.ccamc.org/khitan.php?kss=%EE%83%87: origin refusing, no archived snapshot
      240/410 · words so far 1771
  !! U+E12B: http://www.ccamc.org/khitan.php?kss=%EE%84%AB: origin refusing, no archived snapshot
  !! U+E18F: skipped — host refusing
[3/3] cross-linking …

  !! 连续 60 页两个来源都取不到，本轮提前中止
  !! 229 页未取到，不写出 khitan.js（避免半份数据）
  已缓存 181/410 页；服务器放行后重跑本脚本即可断点续抓。
--- 被限流，休息 6 分钟后续抓 ---
=== attempt 10 · 23:59:03 ===
[1/3] bibliography …
      214 references
[2/3] 410 character pages · 1 workers …
      40/410 · words so far 520
      80/410 · words so far 907
  !! U+E05D: http://www.ccamc.org/khitan.php?kss=%EE%81%9D: truncated response (36 bytes) — throttled
      120/410 · words so far 1235
  !! U+E07D: http://www.ccamc.org/khitan.php?kss=%EE%81%BD: truncated response (36 bytes) — throttled
  !! U+E07E: http://www.ccamc.org/khitan.php?kss=%EE%81%BE: truncated response (36 bytes) — throttled
      160/410 · words so far 1474
  !! U+E0C7: http://www.ccamc.org/khitan.php?kss=%EE%83%87: origin refusing, no archived snapshot
      240/410 · words so far 1771
  !! U+E12B: http://www.ccamc.org/khitan.php?kss=%EE%84%AB: origin refusing, no archived snapshot
  !! U+E18F: skipped — host refusing
[3/3] cross-linking …

  !! 连续 60 页两个来源都取不到，本轮提前中止
  !! 229 页未取到，不写出 khitan.js（避免半份数据）
  已缓存 181/410 页；服务器放行后重跑本脚本即可断点续抓。
--- 被限流，休息 6 分钟后续抓 ---
=== attempt 11 · 00:22:28 ===
[1/3] bibliography …
      214 references
[2/3] 410 character pages · 1 workers …
      40/410 · words so far 520
      80/410 · words so far 907
  !! U+E05D: http://www.ccamc.org/khitan.php?kss=%EE%81%9D: truncated response (36 bytes) — throttled
      120/410 · words so far 1235
  !! U+E07D: http://www.ccamc.org/khitan.php?kss=%EE%81%BD: truncated response (36 bytes) — throttled
  !! U+E07E: http://www.ccamc.org/khitan.php?kss=%EE%81%BE: truncated response (36 bytes) — throttled
      160/410 · words so far 1474
  !! U+E0C7: http://www.ccamc.org/khitan.php?kss=%EE%83%87: origin refusing, no archived snapshot
      240/410 · words so far 1771
  !! U+E12B: http://www.ccamc.org/khitan.php?kss=%EE%84%AB: origin refusing, no archived snapshot
  !! U+E18F: skipped — host refusing
[3/3] cross-linking …

  !! 连续 60 页两个来源都取不到，本轮提前中止
  !! 229 页未取到，不写出 khitan.js（避免半份数据）
  已缓存 181/410 页；服务器放行后重跑本脚本即可断点续抓。
--- 被限流，休息 6 分钟后续抓 ---
=== attempt 12 · 00:46:18 ===
[1/3] bibliography …
      214 references
[2/3] 410 character pages · 1 workers …
      40/410 · words so far 520
      80/410 · words so far 907
  !! U+E05D: http://www.ccamc.org/khitan.php?kss=%EE%81%9D: truncated response (36 bytes) — throttled
      120/410 · words so far 1235
  !! U+E07D: http://www.ccamc.org/khitan.php?kss=%EE%81%BD: truncated response (36 bytes) — throttled
  !! U+E07E: http://www.ccamc.org/khitan.php?kss=%EE%81%BE: HTTP Error 502: Bad Gateway
      160/410 · words so far 1474
  !! U+E0C7: http://www.ccamc.org/khitan.php?kss=%EE%83%87: origin refusing, no archived snapshot
      240/410 · words so far 1771
  !! U+E12B: http://www.ccamc.org/khitan.php?kss=%EE%84%AB: origin refusing, no archived snapshot
  !! U+E18F: skipped — host refusing
[3/3] cross-linking …

  !! 连续 60 页两个来源都取不到，本轮提前中止
  !! 229 页未取到，不写出 khitan.js（避免半份数据）
  已缓存 181/410 页；服务器放行后重跑本脚本即可断点续抓。
--- 被限流，休息 6 分钟后续抓 ---
=== attempt 13 · 01:10:45 ===
[1/3] bibliography …
      214 references
[2/3] 410 character pages · 1 workers …
      40/410 · words so far 520
      80/410 · words so far 907
      120/410 · words so far 1235
  !! U+E081: http://www.ccamc.org/khitan.php?kss=%EE%82%81: timed out
  !! U+E082: http://www.ccamc.org/khitan.php?kss=%EE%82%82: timed out
  !! U+E083: http://www.ccamc.org/khitan.php?kss=%EE%82%83: timed out
      160/410 · words so far 1586
      200/410 · words so far 1791
      240/410 · words so far 1947
      280/410 · words so far 2143
      320/410 · words so far 2231
      360/410 · words so far 2313
  !! U+E18F: http://www.ccamc.org/khitan.php?kss=%EE%86%8F: origin refusing, no archived snapshot
[3/3] cross-linking …
  !! 33 页未取到，不写出 khitan.js（避免半份数据）
  已缓存 377/410 页；服务器放行后重跑本脚本即可断点续抓。
--- 被限流，休息 6 分钟后续抓 ---
=== attempt 14 · 04:32:11 ===
[1/3] bibliography …
      214 references
[2/3] 410 character pages · 1 workers …
      40/410 · words so far 520
      80/410 · words so far 907
      120/410 · words so far 1235
  !! U+E081: http://www.ccamc.org/khitan.php?kss=%EE%82%81: truncated response (36 bytes) — throttled
  !! U+E082: http://www.ccamc.org/khitan.php?kss=%EE%82%82: truncated response (36 bytes) — throttled
  !! U+E083: http://www.ccamc.org/khitan.php?kss=%EE%82%83: truncated response (36 bytes) — throttled
      160/410 · words so far 1586
      200/410 · words so far 1791
      240/410 · words so far 1947
      280/410 · words so far 2143
      320/410 · words so far 2231
      360/410 · words so far 2313
  !! U+E18F: http://www.ccamc.org/khitan.php?kss=%EE%86%8F: origin refusing, no archived snapshot
[3/3] cross-linking …
  !! 33 页未取到，不写出 khitan.js（避免半份数据）
  已缓存 377/410 页；服务器放行后重跑本脚本即可断点续抓。
--- 被限流，休息 6 分钟后续抓 ---
=== attempt 15 · 04:49:27 ===
[1/3] bibliography …
      214 references
[2/3] 410 character pages · 1 workers …
      40/410 · words so far 520
      80/410 · words so far 907
      120/410 · words so far 1235
  !! U+E081: http://www.ccamc.org/khitan.php?kss=%EE%82%81: truncated response (36 bytes) — throttled
  !! U+E082: http://www.ccamc.org/khitan.php?kss=%EE%82%82: truncated response (36 bytes) — throttled
  !! U+E083: http://www.ccamc.org/khitan.php?kss=%EE%82%83: truncated response (36 bytes) — throttled
      160/410 · words so far 1586
      200/410 · words so far 1791
      240/410 · words so far 1947
      280/410 · words so far 2143
      320/410 · words so far 2231
      360/410 · words so far 2313
  !! U+E18F: http://www.ccamc.org/khitan.php?kss=%EE%86%8F: origin refusing, no archived snapshot
[3/3] cross-linking …
  !! 33 页未取到，不写出 khitan.js（避免半份数据）
  已缓存 377/410 页；服务器放行后重跑本脚本即可断点续抓。
--- 被限流，休息 6 分钟后续抓 ---
=== attempt 16 · 05:06:57 ===
[1/3] bibliography …
      214 references
[2/3] 410 character pages · 1 workers …
      40/410 · words so far 520
      80/410 · words so far 907
      120/410 · words so far 1235
  !! U+E081: http://www.ccamc.org/khitan.php?kss=%EE%82%81: truncated response (36 bytes) — throttled
  !! U+E082: http://www.ccamc.org/khitan.php?kss=%EE%82%82: HTTP Error 502: Bad Gateway
  !! U+E083: http://www.ccamc.org/khitan.php?kss=%EE%82%83: truncated response (36 bytes) — throttled
      160/410 · words so far 1586
      200/410 · words so far 1791
      240/410 · words so far 1947
      280/410 · words so far 2143
      320/410 · words so far 2231
      360/410 · words so far 2313
  !! U+E18F: http://www.ccamc.org/khitan.php?kss=%EE%86%8F: origin refusing, no archived snapshot
[3/3] cross-linking …
  !! 33 页未取到，不写出 khitan.js（避免半份数据）
  已缓存 377/410 页；服务器放行后重跑本脚本即可断点续抓。
--- 被限流，休息 6 分钟后续抓 ---
=== attempt 17 · 05:26:30 ===
[1/3] bibliography …
      214 references
[2/3] 410 character pages · 1 workers …
      40/410 · words so far 520
      80/410 · words so far 907
      120/410 · words so far 1235
  !! U+E081: http://www.ccamc.org/khitan.php?kss=%EE%82%81: truncated response (36 bytes) — throttled
  !! U+E082: http://www.ccamc.org/khitan.php?kss=%EE%82%82: truncated response (36 bytes) — throttled
  !! U+E083: http://www.ccamc.org/khitan.php?kss=%EE%82%83: truncated response (36 bytes) — throttled
      160/410 · words so far 1586
      200/410 · words so far 1791
      240/410 · words so far 1947
      280/410 · words so far 2143
      320/410 · words so far 2231
      360/410 · words so far 2313
  !! U+E18F: http://www.ccamc.org/khitan.php?kss=%EE%86%8F: origin refusing, no archived snapshot
[3/3] cross-linking …
  !! 33 页未取到，不写出 khitan.js（避免半份数据）
  已缓存 377/410 页；服务器放行后重跑本脚本即可断点续抓。
--- 被限流，休息 6 分钟后续抓 ---
=== attempt 18 · 05:44:14 ===
[1/3] bibliography …
      214 references
[2/3] 410 character pages · 1 workers …
      40/410 · words so far 520
      80/410 · words so far 907
      120/410 · words so far 1235
  !! U+E081: http://www.ccamc.org/khitan.php?kss=%EE%82%81: truncated response (36 bytes) — throttled
  !! U+E082: http://www.ccamc.org/khitan.php?kss=%EE%82%82: truncated response (36 bytes) — throttled
  !! U+E083: http://www.ccamc.org/khitan.php?kss=%EE%82%83: truncated response (36 bytes) — throttled
      160/410 · words so far 1586
      200/410 · words so far 1791
      240/410 · words so far 1947
      280/410 · words so far 2143
      320/410 · words so far 2231
      360/410 · words so far 2313
  !! U+E18F: http://www.ccamc.org/khitan.php?kss=%EE%86%8F: origin refusing, no archived snapshot
[3/3] cross-linking …
  !! 33 页未取到，不写出 khitan.js（避免半份数据）
  已缓存 377/410 页；服务器放行后重跑本脚本即可断点续抓。
--- 被限流，休息 6 分钟后续抓 ---
=== attempt 19 · 06:02:46 ===
[1/3] bibliography …
      214 references
[2/3] 410 character pages · 1 workers …
      40/410 · words so far 520
      80/410 · words so far 907
      120/410 · words so far 1235
  !! U+E081: http://www.ccamc.org/khitan.php?kss=%EE%82%81: truncated response (36 bytes) — throttled
  !! U+E082: http://www.ccamc.org/khitan.php?kss=%EE%82%82: truncated response (36 bytes) — throttled
  !! U+E083: http://www.ccamc.org/khitan.php?kss=%EE%82%83: truncated response (36 bytes) — throttled
      160/410 · words so far 1586
      200/410 · words so far 1791
      240/410 · words so far 1947
      280/410 · words so far 2143
      320/410 · words so far 2231
      360/410 · words so far 2313
  !! U+E18F: http://www.ccamc.org/khitan.php?kss=%EE%86%8F: origin refusing, no archived snapshot
[3/3] cross-linking …
  !! 33 页未取到，不写出 khitan.js（避免半份数据）
  已缓存 377/410 页；服务器放行后重跑本脚本即可断点续抓。
--- 被限流，休息 6 分钟后续抓 ---
=== attempt 20 · 06:21:00 ===
[1/3] bibliography …
      214 references
[2/3] 410 character pages · 1 workers …
      40/410 · words so far 520
      80/410 · words so far 907
      120/410 · words so far 1235
      160/410 · words so far 1691
      200/410 · words so far 1912
      240/410 · words so far 2041
      280/410 · words so far 2240
      320/410 · words so far 2287
      360/410 · words so far 2336
      400/410 · words so far 2350
  !! U+E192: http://www.ccamc.org/khitan.php?kss=%EE%86%92: truncated response (2247 bytes) — throttled
  !! U+E193: http://www.ccamc.org/khitan.php?kss=%EE%86%93: truncated response (2244 bytes) — throttled
  !! U+E194: http://www.ccamc.org/khitan.php?kss=%EE%86%94: truncated response (2422 bytes) — throttled
[3/3] cross-linking …
  !! 8 页未取到，不写出 khitan.js（避免半份数据）
  已缓存 402/410 页；服务器放行后重跑本脚本即可断点续抓。
--- 被限流，休息 6 分钟后续抓 ---
=== attempt 21 · 06:38:49 ===
[1/3] bibliography …
      214 references
[2/3] 410 character pages · 1 workers …
      40/410 · words so far 520
      80/410 · words so far 907
      120/410 · words so far 1235
      160/410 · words so far 1691
      200/410 · words so far 1912
      240/410 · words so far 2041
      280/410 · words so far 2240
      320/410 · words so far 2287
      360/410 · words so far 2336
      400/410 · words so far 2350
  !! U+E192: http://www.ccamc.org/khitan.php?kss=%EE%86%92: truncated response (36 bytes) — throttled
  !! U+E193: http://www.ccamc.org/khitan.php?kss=%EE%86%93: truncated response (36 bytes) — throttled
  !! U+E194: http://www.ccamc.org/khitan.php?kss=%EE%86%94: truncated response (36 bytes) — throttled
[3/3] cross-linking …
  !! 8 页未取到，不写出 khitan.js（避免半份数据）
  已缓存 402/410 页；服务器放行后重跑本脚本即可断点续抓。
--- 被限流，休息 6 分钟后续抓 ---
=== attempt 22 · 06:56:31 ===
[1/3] bibliography …
      214 references
[2/3] 410 character pages · 1 workers …
      40/410 · words so far 520
      80/410 · words so far 907
      120/410 · words so far 1235
      160/410 · words so far 1691
      200/410 · words so far 1912
      240/410 · words so far 2041
      280/410 · words so far 2240
      320/410 · words so far 2287
      360/410 · words so far 2336
      400/410 · words so far 2350
  !! U+E192: http://www.ccamc.org/khitan.php?kss=%EE%86%92: truncated response (36 bytes) — throttled
  !! U+E193: http://www.ccamc.org/khitan.php?kss=%EE%86%93: truncated response (36 bytes) — throttled
  !! U+E194: http://www.ccamc.org/khitan.php?kss=%EE%86%94: truncated response (36 bytes) — throttled
[3/3] cross-linking …
  !! 8 页未取到，不写出 khitan.js（避免半份数据）
  已缓存 402/410 页；服务器放行后重跑本脚本即可断点续抓。
--- 被限流，休息 6 分钟后续抓 ---
=== attempt 23 · 07:14:03 ===
[1/3] bibliography …
      214 references
[2/3] 410 character pages · 1 workers …
      40/410 · words so far 520
      80/410 · words so far 907
      120/410 · words so far 1235
      160/410 · words so far 1691
      200/410 · words so far 1912
      240/410 · words so far 2041
      280/410 · words so far 2240
      320/410 · words so far 2287
      360/410 · words so far 2336
      400/410 · words so far 2350
  !! U+E192: http://www.ccamc.org/khitan.php?kss=%EE%86%92: truncated response (36 bytes) — throttled
  !! U+E193: http://www.ccamc.org/khitan.php?kss=%EE%86%93: truncated response (36 bytes) — throttled
  !! U+E194: http://www.ccamc.org/khitan.php?kss=%EE%86%94: truncated response (36 bytes) — throttled
[3/3] cross-linking …
  !! 8 页未取到，不写出 khitan.js（避免半份数据）
  已缓存 402/410 页；服务器放行后重跑本脚本即可断点续抓。
--- 被限流，休息 6 分钟后续抓 ---
=== attempt 24 · 07:30:35 ===
[1/3] bibliography …
      214 references
[2/3] 410 character pages · 1 workers …
      40/410 · words so far 520
      80/410 · words so far 907
      120/410 · words so far 1235
      160/410 · words so far 1691
      200/410 · words so far 1912
      240/410 · words so far 2041
      280/410 · words so far 2240
      320/410 · words so far 2287
      360/410 · words so far 2336
      400/410 · words so far 2350
  !! U+E192: http://www.ccamc.org/khitan.php?kss=%EE%86%92: truncated response (36 bytes) — throttled
  !! U+E193: http://www.ccamc.org/khitan.php?kss=%EE%86%93: truncated response (36 bytes) — throttled
  !! U+E194: http://www.ccamc.org/khitan.php?kss=%EE%86%94: truncated response (36 bytes) — throttled
[3/3] cross-linking …
  !! 8 页未取到，不写出 khitan.js（避免半份数据）
  已缓存 402/410 页；服务器放行后重跑本脚本即可断点续抓。
--- 被限流，休息 6 分钟后续抓 ---
=== attempt 25 · 07:47:10 ===
[1/3] bibliography …
      214 references
[2/3] 410 character pages · 1 workers …
      40/410 · words so far 520
      80/410 · words so far 907
      120/410 · words so far 1235
      160/410 · words so far 1691
      200/410 · words so far 1912
      240/410 · words so far 2041
      280/410 · words so far 2240
      320/410 · words so far 2287
      360/410 · words so far 2336
      400/410 · words so far 2350
  !! U+E192: http://www.ccamc.org/khitan.php?kss=%EE%86%92: truncated response (36 bytes) — throttled
  !! U+E193: http://www.ccamc.org/khitan.php?kss=%EE%86%93: truncated response (36 bytes) — throttled
  !! U+E194: http://www.ccamc.org/khitan.php?kss=%EE%86%94: truncated response (36 bytes) — throttled
[3/3] cross-linking …
  !! 8 页未取到，不写出 khitan.js（避免半份数据）
  已缓存 402/410 页；服务器放行后重跑本脚本即可断点续抓。
--- 被限流，休息 6 分钟后续抓 ---
=== attempt 26 · 08:04:24 ===
[1/3] bibliography …
      214 references
[2/3] 410 character pages · 1 workers …
      40/410 · words so far 520
      80/410 · words so far 907
      120/410 · words so far 1235
      160/410 · words so far 1691
      200/410 · words so far 1912
      240/410 · words so far 2041
      280/410 · words so far 2240
      320/410 · words so far 2287
      360/410 · words so far 2336
      400/410 · words so far 2350
  !! U+E192: http://www.ccamc.org/khitan.php?kss=%EE%86%92: truncated response (36 bytes) — throttled
  !! U+E193: http://www.ccamc.org/khitan.php?kss=%EE%86%93: truncated response (36 bytes) — throttled
  !! U+E194: http://www.ccamc.org/khitan.php?kss=%EE%86%94: truncated response (36 bytes) — throttled
[3/3] cross-linking …
  !! 8 页未取到，不写出 khitan.js（避免半份数据）
  已缓存 402/410 页；服务器放行后重跑本脚本即可断点续抓。
--- 被限流，休息 6 分钟后续抓 ---
=== attempt 27 · 08:21:31 ===
[1/3] bibliography …
      214 references
[2/3] 410 character pages · 1 workers …
      40/410 · words so far 520
      80/410 · words so far 907
      120/410 · words so far 1235
      160/410 · words so far 1691
      200/410 · words so far 1912
      240/410 · words so far 2041
      280/410 · words so far 2240
      320/410 · words so far 2287
      360/410 · words so far 2336
      400/410 · words so far 2350
[3/3] cross-linking …
      覆盖核对：旧数据 2350 词，本次取到 2350 词，缺 0，新增 0

  字条           410   其中有独立釋義 0
  词条           2350
  多义项词条     752  (32%)  ← 原来被粘成一串
  带出处词条     1845  (79%)  ← 原来全丢
  带语法标签     266
  Kane≠烏拉熙春  169 个字两套拟音不同
  参考文献       214
→ /Users/zhangbing/Downloads/deploy-6a15a3f4ab4600140d6b0dad/khitan.js  (371 KB)
=== 完成 ===
